../Core/Src/main.c:76:6:microDelay	16	static
../Core/Src/main.c:82:9:DHT11_Start	32	static
../Core/Src/main.c:113:9:DHT11_Read	16	static
../Core/Src/main.c:138:6:DO_NHIET_DO	16	static
../Core/Src/main.c:157:6:DO_DO_AM	16	static
../Core/Src/main.c:173:6:HIEN_THI_OLED	8	static
../Core/Src/main.c:185:6:TRUYEN_UART	136	static
../Core/Src/main.c:209:5:main	64	static
../Core/Src/main.c:272:6:SystemClock_Config	72	static
../Core/Src/main.c:312:13:MX_I2C1_Init	8	static
../Core/Src/main.c:346:13:MX_TIM1_Init	32	static
../Core/Src/main.c:392:13:MX_USART1_UART_Init	8	static
../Core/Src/main.c:425:13:MX_GPIO_Init	40	static
../Core/Src/main.c:458:6:Error_Handler	4	static,ignoring_inline_asm
