../Core/Src/main.c:77:6:microDelay	16	static
../Core/Src/main.c:83:6:HIEN_THI_OLED	8	static
../Core/Src/main.c:94:6:TRUYEN_UART	136	static
../Core/Src/main.c:117:5:main	8	static
../Core/Src/main.c:173:6:SystemClock_Config	72	static
../Core/Src/main.c:213:13:MX_I2C1_Init	8	static
../Core/Src/main.c:247:13:MX_TIM1_Init	32	static
../Core/Src/main.c:293:13:MX_USART1_UART_Init	8	static
../Core/Src/main.c:326:13:MX_GPIO_Init	40	static
../Core/Src/main.c:359:6:Error_Handler	4	static,ignoring_inline_asm
