../Core/Src/main.c:114:6:microDelay	16	static
../Core/Src/main.c:120:9:DHT11_Start	32	static
../Core/Src/main.c:151:9:DHT11_Read	16	static
../Core/Src/main.c:188:5:main	8	static
../Core/Src/main.c:288:6:SystemClock_Config	72	static
../Core/Src/main.c:328:13:MX_I2C1_Init	8	static
../Core/Src/main.c:362:13:MX_TIM1_Init	32	static
../Core/Src/main.c:408:13:MX_TIM4_Init	40	static
../Core/Src/main.c:454:13:MX_USART1_UART_Init	8	static
../Core/Src/main.c:487:13:MX_GPIO_Init	40	static
../Core/Src/main.c:535:6:NHIET_DO	24	static
../Core/Src/main.c:560:6:DO_AM	24	static
../Core/Src/main.c:586:6:OLED	16	static
../Core/Src/main.c:610:6:UART	144	static
../Core/Src/main.c:652:6:HAL_TIM_PeriodElapsedCallback	16	static
../Core/Src/main.c:669:6:Error_Handler	4	static,ignoring_inline_asm
